// Jest Snapshot v1, https://goo.gl/fbAQLP

exports[`Should Send Message With Findings And Severities 1`] = `
[MockFunction] {
  "calls": Array [
    Array [
      "https://hooks.slack.com/services/<YOUR_TOKEN>",
      "{\\"blocks\\":[{\\"type\\":\\"header\\",\\"text\\":{\\"type\\":\\"plain_text\\",\\"text\\":\\"New Nmap security scan results are available!\\",\\"emoji\\":true}},{\\"type\\":\\"context\\",\\"elements\\":[{\\"type\\":\\"image\\",\\"image_url\\":\\"https://www.securecodebox.io/favicon.png\\",\\"alt_text\\":\\"secureCodeBox Favicon\\"},{\\"type\\":\\"mrkdwn\\",\\"text\\":\\"Scan: demo-scan-1601086432\\\\nCreated at Fri Jan 01 2021 15:29:25 GMT+0100 (Central European Standard Time)\\\\n\\"}]},{\\"type\\":\\"section\\",\\"fields\\":[{\\"type\\":\\"mrkdwn\\",\\"text\\":\\"\\\\n  *Findings Severity Overview*:\\\\n high: 10
medium: 5
low: 2
informational: 1
\\\\n\\\\n\\\\n\\"}]},{\\"type\\":\\"section\\",\\"fields\\":[{\\"type\\":\\"mrkdwn\\",\\"text\\":\\"\\\\n  *Findings Category Overview*:\\\\n A Client Error response code was returned by the server: 1
Information Disclosure - Sensitive Information in URL: 1
Strict-Transport-Security Header Not Set: 1
\\\\n\\\\n\\"}]},{\\"type\\":\\"actions\\",\\"elements\\":[{\\"type\\":\\"button\\",\\"text\\":{\\"type\\":\\"plain_text\\",\\"text\\":\\"Open Kibana Dashboard\\",\\"emoji\\":true},\\"value\\":\\"click_me_123\\",\\"action_id\\":\\"actionId-0\\",\\"url\\":\\"https://securecodebox.io\\"},{\\"type\\":\\"button\\",\\"text\\":{\\"type\\":\\"plain_text\\",\\"text\\":\\"Show Results in Kibana Dashboard\\",\\"emoji\\":true},\\"value\\":\\"click_me_123\\",\\"action_id\\":\\"actionId-1\\",\\"url\\":\\"https://securecodebox.io\\"}]}]}",
    ],
  ],
  "results": Array [
    Object {
      "type": "return",
      "value": undefined,
    },
  ],
}
`;

exports[`Should Send Minimal Template For Empty Findings 1`] = `
[MockFunction] {
  "calls": Array [
    Array [
      "https://hooks.slack.com/services/<YOUR_TOKEN>",
      "{\\"blocks\\":[{\\"type\\":\\"header\\",\\"text\\":{\\"type\\":\\"plain_text\\",\\"text\\":\\"New Nmap security scan results are available!\\",\\"emoji\\":true}},{\\"type\\":\\"context\\",\\"elements\\":[{\\"type\\":\\"image\\",\\"image_url\\":\\"https://www.securecodebox.io/favicon.png\\",\\"alt_text\\":\\"secureCodeBox Favicon\\"},{\\"type\\":\\"mrkdwn\\",\\"text\\":\\"Scan: demo-scan-1601086432\\\\nCreated at Fri Jan 01 2021 15:29:25 GMT+0100 (Central European Standard Time)\\\\n\\"}]},{\\"type\\":\\"section\\",\\"fields\\":[{\\"type\\":\\"mrkdwn\\",\\"text\\":\\"\\\\n  *Findings Severity Overview*:\\\\n high: 10
medium: 5
low: 2
informational: 1
\\\\n\\\\n\\\\n\\"}]},{\\"type\\":\\"section\\",\\"fields\\":[{\\"type\\":\\"mrkdwn\\",\\"text\\":\\"\\\\n  *Findings Category Overview*:\\\\n A Client Error response code was returned by the server: 1
Information Disclosure - Sensitive Information in URL: 1
Strict-Transport-Security Header Not Set: 1
\\\\n\\\\n\\"}]},{\\"type\\":\\"actions\\",\\"elements\\":[{\\"type\\":\\"button\\",\\"text\\":{\\"type\\":\\"plain_text\\",\\"text\\":\\"Open Kibana Dashboard\\",\\"emoji\\":true},\\"value\\":\\"click_me_123\\",\\"action_id\\":\\"actionId-0\\",\\"url\\":\\"https://securecodebox.io\\"},{\\"type\\":\\"button\\",\\"text\\":{\\"type\\":\\"plain_text\\",\\"text\\":\\"Show Results in Kibana Dashboard\\",\\"emoji\\":true},\\"value\\":\\"click_me_123\\",\\"action_id\\":\\"actionId-1\\",\\"url\\":\\"https://securecodebox.io\\"}]}]}",
    ],
    Array [
      "https://hooks.slack.com/services/<YOUR_TOKEN>",
      "{\\"blocks\\":[{\\"type\\":\\"header\\",\\"text\\":{\\"type\\":\\"plain_text\\",\\"text\\":\\"New Nmap security scan results are available!\\",\\"emoji\\":true}},{\\"type\\":\\"context\\",\\"elements\\":[{\\"type\\":\\"image\\",\\"image_url\\":\\"https://www.securecodebox.io/favicon.png\\",\\"alt_text\\":\\"secureCodeBox Favicon\\"},{\\"type\\":\\"mrkdwn\\",\\"text\\":\\"Scan: demo-scan-1601086432\\\\nCreated at Fri Jan 01 2021 15:29:25 GMT+0100 (Central European Standard Time)\\\\n\\"}]},{\\"type\\":\\"section\\",\\"fields\\":[{\\"type\\":\\"mrkdwn\\",\\"text\\":\\"\\\\n\\\\n  There are no findings to report.\\\\n\\\\n\\"}]},{\\"type\\":\\"section\\",\\"fields\\":[{\\"type\\":\\"mrkdwn\\",\\"text\\":\\"\\\\n\\"}]},{\\"type\\":\\"actions\\",\\"elements\\":[{\\"type\\":\\"button\\",\\"text\\":{\\"type\\":\\"plain_text\\",\\"text\\":\\"Open Kibana Dashboard\\",\\"emoji\\":true},\\"value\\":\\"click_me_123\\",\\"action_id\\":\\"actionId-0\\",\\"url\\":\\"https://securecodebox.io\\"},{\\"type\\":\\"button\\",\\"text\\":{\\"type\\":\\"plain_text\\",\\"text\\":\\"Show Results in Kibana Dashboard\\",\\"emoji\\":true},\\"value\\":\\"click_me_123\\",\\"action_id\\":\\"actionId-1\\",\\"url\\":\\"https://securecodebox.io\\"}]}]}",
    ],
  ],
  "results": Array [
    Object {
      "type": "return",
      "value": undefined,
    },
    Object {
      "type": "return",
      "value": undefined,
    },
  ],
}
`;
